// Jest Snapshot v1, https://goo.gl/fbAQLP

exports[`ThemedText Component renders correctly with snapshot 1`] = `
<Text
  style={
    [
      {
        "color": "#11181C",
      },
      {
        "fontSize": 16,
        "fontWeight": "400",
        "lineHeight": 24,
      },
      undefined,
    ]
  }
>
  Snapshot test!
</Text>
`;
