// Jest Snapshot v1, https://goo.gl/fbAQLP

exports[`SearchResultItem Component renders correctly with snapshot 1`] = `
<View
  accessibilityState={
    {
      "busy": undefined,
      "checked": undefined,
      "disabled": undefined,
      "expanded": undefined,
      "selected": undefined,
    }
  }
  accessibilityValue={
    {
      "max": undefined,
      "min": undefined,
      "now": undefined,
      "text": undefined,
    }
  }
  accessible={true}
  collapsable={false}
  focusable={true}
  onClick={[Function]}
  onResponderGrant={[Function]}
  onResponderMove={[Function]}
  onResponderRelease={[Function]}
  onResponderTerminate={[Function]}
  onResponderTerminationRequest={[Function]}
  onStartShouldSetResponder={[Function]}
  style={
    {
      "backgroundColor": "#687076",
      "borderColor": "#EEEEEE",
      "borderRadius": 8,
      "borderWidth": 1,
      "elevation": 2,
      "marginBottom": 12,
      "opacity": 1,
      "padding": 8,
      "shadowColor": "#212121",
      "shadowOffset": {
        "height": 1,
        "width": 0,
      },
      "shadowOpacity": 0.1,
      "shadowRadius": 2,
    }
  }
>
  <View
    style={
      {
        "alignItems": "center",
        "flexDirection": "row",
        "justifyContent": "space-between",
        "marginBottom": 4,
      }
    }
  >
    <View
      style={
        {
          "alignItems": "center",
          "flex": 1,
          "flexDirection": "row",
        }
      }
    >
      <View
        testID="icon-chevron.right"
      />
      <Text
        style={
          [
            {
              "color": "#11181C",
            },
            {
              "fontSize": 16,
              "fontWeight": "400",
              "lineHeight": 24,
            },
            [
              {
                "color": "#FFFFFF",
              },
              {
                "flex": 1,
                "fontSize": 14,
                "fontWeight": "500",
                "marginLeft": 4,
              },
            ],
          ]
        }
      >
        Chat with 
        John Doe
      </Text>
    </View>
    <Text
      style={
        [
          {
            "color": "#11181C",
          },
          {
            "fontSize": 16,
            "fontWeight": "400",
            "lineHeight": 24,
          },
          [
            {
              "color": "#687076",
            },
            {
              "fontSize": 12,
              "marginLeft": 8,
            },
          ],
        ]
      }
    >
      09:30 AM
    </Text>
  </View>
  <View
    testID="message-bubble"
  >
    <Text>
      Hello, this is a test message
    </Text>
  </View>
</View>
`;
