// Jest Snapshot v1, https://goo.gl/fbAQLP

exports[`Button Component renders correctly with snapshot 1`] = `
<View
  style={
    [
      {
        "alignItems": "center",
        "borderRadius": 8,
        "flexDirection": "row",
        "justifyContent": "center",
      },
      {
        "backgroundColor": "#2CC5C0FF",
        "borderColor": "#0F1631FF",
      },
      {
        "paddingHorizontal": 16,
        "paddingVertical": 8,
      },
    ]
  }
  testID="animated-pressable"
>
  <View
    style={
      {
        "alignItems": "center",
        "display": "flex",
        "flexDirection": "row",
        "gap": 12,
      }
    }
  >
    <Text
      style={
        [
          [
            {
              "fontSize": 16,
              "fontWeight": "400",
              "lineHeight": 1.5,
              "textAlign": "center",
            },
            {
              "color": "#FFFFFF",
            },
            {
              "fontSize": 16,
              "lineHeight": 24,
            },
          ],
        ]
      }
    >
      Test Button
    </Text>
  </View>
</View>
`;
