// Jest Snapshot v1, https://goo.gl/fbAQLP

exports[`BaseTemplate Component renders correctly with snapshot 1`] = `
<View
  style={
    [
      {
        "flex": 1,
      },
      undefined,
    ]
  }
  testID="base-template"
>
  <View
    style={
      {
        "flex": 1,
      }
    }
  >
    <Text>
      Content
    </Text>
  </View>
</View>
`;
