// Jest Snapshot v1, https://goo.gl/fbAQLP

exports[`OptionButton Component renders correctly with snapshot 1`] = `
<View
  accessibilityState={
    {
      "busy": undefined,
      "checked": undefined,
      "disabled": undefined,
      "expanded": undefined,
      "selected": undefined,
    }
  }
  accessibilityValue={
    {
      "max": undefined,
      "min": undefined,
      "now": undefined,
      "text": undefined,
    }
  }
  accessible={true}
  collapsable={false}
  focusable={true}
  onBlur={[Function]}
  onClick={[Function]}
  onFocus={[Function]}
  onResponderGrant={[Function]}
  onResponderMove={[Function]}
  onResponderRelease={[Function]}
  onResponderTerminate={[Function]}
  onResponderTerminationRequest={[Function]}
  onStartShouldSetResponder={[Function]}
  style={
    {
      "alignItems": "center",
      "flexDirection": "row",
      "paddingHorizontal": 8,
      "paddingVertical": 8,
      "width": "100%",
    }
  }
>
  <View
    style={
      {
        "backgroundColor": "#FFFFFF",
        "height": 20,
        "width": 20,
      }
    }
    testID="icon-heart"
  />
  <Text
    style={
      [
        {
          "fontFamily": "System",
          "fontSize": 16,
          "fontWeight": "400",
          "lineHeight": 24,
          "marginLeft": 8,
        },
        {
          "color": "black",
        },
      ]
    }
  >
    Like
  </Text>
</View>
`;
